// Jest Snapshot v1, https://goo.gl/fbAQLP

exports[`passwordResetEmailLink  should render without fail 1`] = `ShallowWrapper {}`;

exports[`passwordResetEmailLink  should test email errors field 1`] = `ShallowWrapper {}`;

exports[`passwordResetEmailLink  should test email errors field 2`] = `ShallowWrapper {}`;
